\set ECHO none
drop role if exists londiste_test_part1;
drop role if exists londiste_test_part2;
create group londiste_test_part1;
create group londiste_test_part2;
create table events (
    id int4 primary key,
    txt text not null,
    ctime timestamptz not null default now(),
    someval int4 check (someval > 0)
);
create index ctime_idx on events (ctime);
create rule ignore_dups AS
    on insert to events
    where (exists (select 1 from events
                   where (events.id = new.id)))
    do instead nothing;
grant select,delete on events to londiste_test_part1;
grant select,update,delete on events to londiste_test_part2 with grant option;
grant select,insert on events to public;
select londiste.create_partition('events', 'events_2011_01', 'id', 'ctime', '2011-01-01', 'month');
 create_partition 
------------------
                1
(1 row)

select londiste.create_partition('events', 'events_2011_01', 'id', 'ctime', '2011-01-01'::timestamptz, 'month');
 create_partition 
------------------
                0
(1 row)

select londiste.create_partition('events', 'events_2011_01', 'id', 'ctime', '2011-01-01'::timestamp, 'month');
 create_partition 
------------------
                0
(1 row)

select count(*) from pg_indexes where schemaname='public' and tablename = 'events_2011_01';
 count 
-------
     2
(1 row)

select count(*) from pg_constraint where conrelid = 'public.events_2011_01'::regclass;
 count 
-------
     3
(1 row)

select count(*) from pg_rules where schemaname = 'public' and tablename = 'events_2011_01';
 count 
-------
     1
(1 row)

-- test weird quoting
create table "Bad "" table '.' name!" (
    id int4 primary key,
    txt text not null,
    ctime timestamptz not null default now(),
    someval int4 check (someval > 0)
);
create rule "Ignore Dups" AS
    on insert to "Bad "" table '.' name!"
    where (exists (select 1 from "Bad "" table '.' name!"
                   where ("Bad "" table '.' name!".id = new.id)))
    do instead nothing;
alter table "Bad "" table '.' name!" ENABLE ALWAYS RULE "Ignore Dups";
select londiste.create_partition('public.Bad " table ''.'' name!', 'public.Bad " table ''.'' part!', 'id', 'ctime', '2011-01-01', 'month');
 create_partition 
------------------
                1
(1 row)

select count(*) from pg_rules where schemaname = 'public' and tablename ilike 'bad%';
 count 
-------
     2
(1 row)

-- \d events_2011_01
-- \dp events
-- \dp events_2011_01
